<?xml version="1.0" encoding="UTF-8"?>
<testsuites name="jest tests" tests="72" failures="0" errors="0" time="15.609">
  <testsuite name="Tag" errors="0" failures="0" skipped="0" timestamp="2021-12-07T17:15:53" time="10.892" tests="3">
    <testcase classname="Tag should return ID when setting it" name="Tag should return ID when setting it" time="0.003">
    </testcase>
    <testcase classname="Tag should return CreationDateTime when setting it" name="Tag should return CreationDateTime when setting it" time="0">
    </testcase>
    <testcase classname="Tag should return props" name="Tag should return props" time="0.001">
    </testcase>
  </testsuite>
  <testsuite name="Project" errors="0" failures="0" skipped="0" timestamp="2021-12-07T17:15:53" time="10.963" tests="3">
    <testcase classname="Project should return props" name="Project should return props" time="0.009">
    </testcase>
    <testcase classname="Project should return CreationDateTime" name="Project should return CreationDateTime" time="0.003">
    </testcase>
    <testcase classname="Project should return ID" name="Project should return ID" time="0.001">
    </testcase>
  </testsuite>
  <testsuite name="POST" errors="0" failures="0" skipped="0" timestamp="2021-12-07T17:15:53" time="11.887" tests="1">
    <testcase classname="POST add Project" name="POST add Project" time="0.107">
    </testcase>
  </testsuite>
  <testsuite name="getSsmParams" errors="0" failures="0" skipped="0" timestamp="2021-12-07T17:15:53" time="12.297" tests="3">
    <testcase classname="getSsmParams should get all the requested params" name="getSsmParams should get all the requested params" time="0.062">
    </testcase>
    <testcase classname="getSsmParams should throw when error in getSsmParams" name="getSsmParams should throw when error in getSsmParams" time="0.037">
    </testcase>
    <testcase classname="getSsmParams should throw when region name is set not correctly" name="getSsmParams should throw when region name is set not correctly" time="0.006">
    </testcase>
  </testsuite>
  <testsuite name="integration" errors="0" failures="0" skipped="3" timestamp="2021-12-07T17:15:53" time="12.282" tests="3">
    <testcase classname="integration should launch a private subnet in the service catalog" name="integration should launch a private subnet in the service catalog" time="0">
      <skipped/>
    </testcase>
    <testcase classname="integration should get the private subnet which has been launched above and set the value to the SSM Parameter Store" name="integration should get the private subnet which has been launched above and set the value to the SSM Parameter Store" time="0">
      <skipped/>
    </testcase>
    <testcase classname="integration should provision a private subnet " name="integration should provision a private subnet " time="0">
      <skipped/>
    </testcase>
  </testsuite>
  <testsuite name="callServiceCatalog" errors="0" failures="0" skipped="0" timestamp="2021-12-07T17:15:53" time="12.418" tests="20">
    <testcase classname="callServiceCatalog vpc should call SSM Parameter store, launch product, get the new launched product and return the ID" name="callServiceCatalog vpc should call SSM Parameter store, launch product, get the new launched product and return the ID" time="0.059">
    </testcase>
    <testcase classname="callServiceCatalog vpc should throw when getting SSM Parameters are undefined" name="callServiceCatalog vpc should throw when getting SSM Parameters are undefined" time="0.056">
    </testcase>
    <testcase classname="callServiceCatalog vpc should throw after getting SSM Parameters for `product-id` `Parameter.Value === undefined`" name="callServiceCatalog vpc should throw after getting SSM Parameters for `product-id` `Parameter.Value === undefined`" time="0.003">
    </testcase>
    <testcase classname="callServiceCatalog vpc should throw after getting SSM Parameters for `provisioning-artifact-id` `Parameter.Value === undefined`" name="callServiceCatalog vpc should throw after getting SSM Parameters for `provisioning-artifact-id` `Parameter.Value === undefined`" time="0.002">
    </testcase>
    <testcase classname="callServiceCatalog vpc should throw after getting SSM Parameters for `product-id` when `Parameter.Value &amp;&amp; Parameter.Name === undefined`" name="callServiceCatalog vpc should throw after getting SSM Parameters for `product-id` when `Parameter.Value &amp;&amp; Parameter.Name === undefined`" time="0.002">
    </testcase>
    <testcase classname="callServiceCatalog vpc should throw after getting SSM Parameters for `provisioning-artifact-id` when `Parameter.Value &amp;&amp; Parameter.Name === undefined`" name="callServiceCatalog vpc should throw after getting SSM Parameters for `provisioning-artifact-id` when `Parameter.Value &amp;&amp; Parameter.Name === undefined`" time="0.002">
    </testcase>
    <testcase classname="callServiceCatalog vpc should throw when something wrong with the ProvisionedProductName" name="callServiceCatalog vpc should throw when something wrong with the ProvisionedProductName" time="0.004">
    </testcase>
    <testcase classname="callServiceCatalog vpc should throw when launching product and the `RecordDetail === undefined`" name="callServiceCatalog vpc should throw when launching product and the `RecordDetail === undefined`" time="0.004">
    </testcase>
    <testcase classname="callServiceCatalog vpc should throw when `OutputValue === undefined`" name="callServiceCatalog vpc should throw when `OutputValue === undefined`" time="0.004">
    </testcase>
    <testcase classname="callServiceCatalog vpc should throw when region is set wrongly" name="callServiceCatalog vpc should throw when region is set wrongly" time="0.008">
    </testcase>
    <testcase classname="callServiceCatalog private-subnet should call SSM Parameter store, launch product, get the new launched product and return the ID" name="callServiceCatalog private-subnet should call SSM Parameter store, launch product, get the new launched product and return the ID" time="0.003">
    </testcase>
    <testcase classname="callServiceCatalog private-subnet should throw when getting SSM Parameters are undefined" name="callServiceCatalog private-subnet should throw when getting SSM Parameters are undefined" time="0.002">
    </testcase>
    <testcase classname="callServiceCatalog private-subnet should throw after getting SSM Parameters for `product-id` `Parameter.Value === undefined`" name="callServiceCatalog private-subnet should throw after getting SSM Parameters for `product-id` `Parameter.Value === undefined`" time="0.001">
    </testcase>
    <testcase classname="callServiceCatalog private-subnet should throw after getting SSM Parameters for `provisioning-artifact-id` `Parameter.Value === undefined`" name="callServiceCatalog private-subnet should throw after getting SSM Parameters for `provisioning-artifact-id` `Parameter.Value === undefined`" time="0.001">
    </testcase>
    <testcase classname="callServiceCatalog private-subnet should throw after getting SSM Parameters for `product-id` when `Parameter.Value &amp;&amp; Parameter.Name === undefined`" name="callServiceCatalog private-subnet should throw after getting SSM Parameters for `product-id` when `Parameter.Value &amp;&amp; Parameter.Name === undefined`" time="0.001">
    </testcase>
    <testcase classname="callServiceCatalog private-subnet should throw after getting SSM Parameters for `provisioning-artifact-id` when `Parameter.Value &amp;&amp; Parameter.Name === undefined`" name="callServiceCatalog private-subnet should throw after getting SSM Parameters for `provisioning-artifact-id` when `Parameter.Value &amp;&amp; Parameter.Name === undefined`" time="0.002">
    </testcase>
    <testcase classname="callServiceCatalog private-subnet should throw when something wrong with the ProvisionedProductName" name="callServiceCatalog private-subnet should throw when something wrong with the ProvisionedProductName" time="0.004">
    </testcase>
    <testcase classname="callServiceCatalog private-subnet should throw when launching product and the `RecordDetail === undefined`" name="callServiceCatalog private-subnet should throw when launching product and the `RecordDetail === undefined`" time="0.003">
    </testcase>
    <testcase classname="callServiceCatalog private-subnet should throw when `OutputValue === undefined`" name="callServiceCatalog private-subnet should throw when `OutputValue === undefined`" time="0.003">
    </testcase>
    <testcase classname="callServiceCatalog private-subnet should throw when region is set wrongly" name="callServiceCatalog private-subnet should throw when region is set wrongly" time="0.003">
    </testcase>
  </testsuite>
  <testsuite name="getNetworkingContext" errors="0" failures="0" skipped="0" timestamp="2021-12-07T17:15:53" time="12.544" tests="6">
    <testcase classname="getNetworkingContext should return the correct context for networking when all parameters in SSM Parameter Store" name="getNetworkingContext should return the correct context for networking when all parameters in SSM Parameter Store" time="0.053">
    </testcase>
    <testcase classname="getNetworkingContext should start launching product when no parameters in SSM Parameter Store" name="getNetworkingContext should start launching product when no parameters in SSM Parameter Store" time="0.004">
    </testcase>
    <testcase classname="getNetworkingContext should return vpcID for networking because its in SSM Parameter Store but should launch Private Subnets and return their IDs" name="getNetworkingContext should return vpcID for networking because its in SSM Parameter Store but should launch Private Subnets and return their IDs" time="0.003">
    </testcase>
    <testcase classname="getNetworkingContext should return vpcId with three subnets" name="getNetworkingContext should return vpcId with three subnets" time="0.003">
    </testcase>
    <testcase classname="toCamelCase should convert camel-case to camelCase " name="toCamelCase should convert camel-case to camelCase " time="0.001">
    </testcase>
    <testcase classname="toCamelCase should not camelCase because its already camelCased" name="toCamelCase should not camelCase because its already camelCased" time="0">
    </testcase>
  </testsuite>
  <testsuite name="DynamoDb" errors="0" failures="0" skipped="0" timestamp="2021-12-07T17:15:53" time="12.532" tests="11">
    <testcase classname="DynamoDb should create the tables" name="DynamoDb should create the tables" time="0.012">
    </testcase>
    <testcase classname="DynamoDb should throw when creating table was not successful" name="DynamoDb should throw when creating table was not successful" time="0.085">
    </testcase>
    <testcase classname="DynamoDb should create a Project object" name="DynamoDb should create a Project object" time="0.004">
    </testcase>
    <testcase classname="DynamoDb should scan the whole table" name="DynamoDb should scan the whole table" time="0.003">
    </testcase>
    <testcase classname="DynamoDb should throw when no items in table" name="DynamoDb should throw when no items in table" time="0.002">
    </testcase>
    <testcase classname="DynamoDb should add a new Project entry to Projects table" name="DynamoDb should add a new Project entry to Projects table" time="0.003">
    </testcase>
    <testcase classname="DynamoDb should throw when adding new Project entry was not successful" name="DynamoDb should throw when adding new Project entry was not successful" time="0.007">
    </testcase>
    <testcase classname="DynamoDb should map the attributes coming from DynamoDB" name="DynamoDb should map the attributes coming from DynamoDB" time="0.002">
    </testcase>
    <testcase classname="DynamoDb should build the attributes for DynamoDB" name="DynamoDb should build the attributes for DynamoDB" time="0.002">
    </testcase>
    <testcase classname="DynamoDb should build the attributes for DynamoDB when props contains Numbers and Boolean" name="DynamoDb should build the attributes for DynamoDB when props contains Numbers and Boolean" time="0.002">
    </testcase>
    <testcase classname="DynamoDb should build the attributes for DynamoDB after Entity is created" name="DynamoDb should build the attributes for DynamoDB after Entity is created" time="0.002">
    </testcase>
  </testsuite>
  <testsuite name="ServiceCatalog" errors="0" failures="0" skipped="0" timestamp="2021-12-07T17:15:53" time="12.599" tests="13">
    <testcase classname="ServiceCatalog should launch a product" name="ServiceCatalog should launch a product" time="0.009">
    </testcase>
    <testcase classname="ServiceCatalog should throw when error in launching a product" name="ServiceCatalog should throw when error in launching a product" time="0.047">
    </testcase>
    <testcase classname="ServiceCatalog should get resource by ProvisionedProductName" name="ServiceCatalog should get resource by ProvisionedProductName" time="0.002">
    </testcase>
    <testcase classname="ServiceCatalog should get resource by ProvisionedProductId" name="ServiceCatalog should get resource by ProvisionedProductId" time="0.001">
    </testcase>
    <testcase classname="ServiceCatalog should throw when getting ressource" name="ServiceCatalog should throw when getting ressource" time="0.002">
    </testcase>
    <testcase classname="ServiceCatalog should throw when getting ressource did not find anything by given ProvisionedProductName" name="ServiceCatalog should throw when getting ressource did not find anything by given ProvisionedProductName" time="0.002">
    </testcase>
    <testcase classname="ServiceCatalog should throw when getting ressource did not find anything by given ProvisionedProductId" name="ServiceCatalog should throw when getting ressource did not find anything by given ProvisionedProductId" time="0.002">
    </testcase>
    <testcase classname="ServiceCatalog should set a parameter" name="ServiceCatalog should set a parameter" time="0.003">
    </testcase>
    <testcase classname="ServiceCatalog should throw because name of parameter does not follow the convention" name="ServiceCatalog should throw because name of parameter does not follow the convention" time="0.005">
    </testcase>
    <testcase classname="ServiceCatalog should throw because name is not undefined" name="ServiceCatalog should throw because name is not undefined" time="0.003">
    </testcase>
    <testcase classname="ServiceCatalog should throw because value is not undefined" name="ServiceCatalog should throw because value is not undefined" time="0.004">
    </testcase>
    <testcase classname="ServiceCatalog should check state" name="ServiceCatalog should check state" time="0.004">
    </testcase>
    <testcase classname="ServiceCatalog should abort state" name="ServiceCatalog should abort state" time="0.007">
    </testcase>
  </testsuite>
  <testsuite name="LambdaFleet" errors="0" failures="0" skipped="0" timestamp="2021-12-07T17:15:53" time="12.694" tests="4">
    <testcase classname="LambdaFleet should bundle the code" name="LambdaFleet should bundle the code" time="0.003">
    </testcase>
    <testcase classname="LambdaFleet should return the folder of the built Lambdas" name="LambdaFleet should return the folder of the built Lambdas" time="0.004">
    </testcase>
    <testcase classname="LambdaFleet should throw when trying to bundle the folder" name="LambdaFleet should throw when trying to bundle the folder" time="0.071">
    </testcase>
    <testcase classname="LambdaFleet should throw when folder not exists" name="LambdaFleet should throw when folder not exists" time="0.013">
    </testcase>
  </testsuite>
  <testsuite name="lambdaFleet" errors="0" failures="0" skipped="0" timestamp="2021-12-07T17:15:53" time="12.859" tests="1">
    <testcase classname="lambdaFleet should stub SSM Parameter Store when no context" name="lambdaFleet should stub SSM Parameter Store when no context" time="0.471">
    </testcase>
  </testsuite>
  <testsuite name="undefined" errors="0" failures="0" skipped="0" timestamp="2021-12-07T17:15:53" time="13.981" tests="1">
    <testcase classname=" CodePipeline" name=" CodePipeline" time="0.515">
    </testcase>
  </testsuite>
  <testsuite name="undefined" errors="0" failures="0" skipped="0" timestamp="2021-12-07T17:15:53" time="14.414" tests="3">
    <testcase classname=" FourDPipelineStack" name=" FourDPipelineStack" time="0.297">
    </testcase>
    <testcase classname=" LambdaFleetStack" name=" LambdaFleetStack" time="0.503">
    </testcase>
    <testcase classname=" DynamoDbStack" name=" DynamoDbStack" time="0.032">
    </testcase>
  </testsuite>
</testsuites>